{"timestamp":"2026-04-13T12:40:26.450Z","level":"info","message":"默认管理员用户创建成功","data":{"username":"admin","password":"admin123","userId":"1776084026438"}}
{"timestamp":"2026-04-13T12:40:55.320Z","level":"info","message":"服务器启动","data":{"port":8000,"localUrl":"http://localhost:8000","networkUrl":"http://192.168.164.128:8000"}}
{"timestamp":"2026-04-13T12:41:22.296Z","level":"info","message":"Request completed","data":{"method":"GET","path":"/api/health","statusCode":200,"duration":"16ms"}}
{"timestamp":"2026-04-13T12:41:22.298Z","level":"info","message":"::1 - - [13/Apr/2026:12:41:22 +0000] \"GET /api/health HTTP/1.1\" 200 15 \"-\" \"Mozilla/5.0 (Windows NT; Windows NT 10.0; zh-CN) WindowsPowerShell/5.1.19041.6456\"","data":null}
{"timestamp":"2026-04-13T12:41:36.337Z","level":"info","message":"User logged in successfully","data":{"userId":"1776084026438","username":"admin"}}
{"timestamp":"2026-04-13T12:41:36.339Z","level":"info","message":"Request completed","data":{"method":"POST","path":"/api/auth/login","statusCode":200,"duration":"150ms"}}
{"timestamp":"2026-04-13T12:41:36.340Z","level":"info","message":"::1 - - [13/Apr/2026:12:41:36 +0000] \"POST /api/auth/login HTTP/1.1\" 200 470 \"-\" \"Mozilla/5.0 (Windows NT; Windows NT 10.0; zh-CN) WindowsPowerShell/5.1.19041.6456\"","data":null}
{"timestamp":"2026-04-13T12:42:01.325Z","level":"info","message":"Authentication successful","data":{"userId":"1776084026438","username":"admin"}}
{"timestamp":"2026-04-13T12:42:01.326Z","level":"info","message":"Permission granted","data":{"userId":"1776084026438","role":"admin","action":"/"}}
{"timestamp":"2026-04-13T12:42:01.331Z","level":"info","message":"Request completed","data":{"method":"GET","path":"/api/users","statusCode":200,"duration":"10ms"}}
{"timestamp":"2026-04-13T12:42:01.332Z","level":"info","message":"::1 - - [13/Apr/2026:12:42:01 +0000] \"GET /api/users HTTP/1.1\" 200 197 \"-\" \"Mozilla/5.0 (Windows NT; Windows NT 10.0; zh-CN) WindowsPowerShell/5.1.19041.6456\"","data":null}
{"timestamp":"2026-04-13T12:42:18.912Z","level":"info","message":"Authentication successful","data":{"userId":"1776084026438","username":"admin"}}
{"timestamp":"2026-04-13T12:42:18.913Z","level":"info","message":"Permission granted","data":{"userId":"1776084026438","role":"admin","action":"/metrics"}}
{"timestamp":"2026-04-13T12:42:18.917Z","level":"info","message":"Request completed","data":{"method":"GET","path":"/api/metrics","statusCode":200,"duration":"7ms"}}
{"timestamp":"2026-04-13T12:42:18.918Z","level":"info","message":"::1 - - [13/Apr/2026:12:42:18 +0000] \"GET /api/metrics HTTP/1.1\" 200 536 \"-\" \"Mozilla/5.0 (Windows NT; Windows NT 10.0; zh-CN) WindowsPowerShell/5.1.19041.6456\"","data":null}
{"timestamp":"2026-04-13T12:53:53.495Z","level":"info","message":"用户数据已存在，跳过初始化","data":null}
{"timestamp":"2026-04-13T13:09:36.332Z","level":"info","message":"服务器启动","data":{"port":8000,"localUrl":"http://localhost:8000","networkUrl":"http://192.168.164.128:8000"}}
{"timestamp":"2026-04-13T13:09:46.734Z","level":"info","message":"Request completed","data":{"method":"GET","path":"/login.html","statusCode":200,"duration":"10ms"}}
{"timestamp":"2026-04-13T13:09:46.735Z","level":"info","message":"::1 - - [13/Apr/2026:13:09:46 +0000] \"GET /login.html HTTP/1.1\" 200 5394 \"-\" \"Mozilla/5.0 (Windows NT 10.0; Win64; x64) AppleWebKit/537.36 (KHTML, like Gecko) TraeCN/1.107.1 Chrome/142.0.7444.235 Electron/39.2.7 Safari/537.36\"","data":null}
{"timestamp":"2026-04-13T13:10:11.618Z","level":"info","message":"Request completed","data":{"method":"GET","path":"/login.html","statusCode":200,"duration":"2ms"}}
{"timestamp":"2026-04-13T13:10:11.619Z","level":"info","message":"::1 - - [13/Apr/2026:13:10:11 +0000] \"GET /login.html?username=admin&password=admin123 HTTP/1.1\" 200 5394 \"-\" \"Mozilla/5.0 (Windows NT 10.0; Win64; x64) AppleWebKit/537.36 (KHTML, like Gecko) TraeCN/1.107.1 Chrome/142.0.7444.235 Electron/39.2.7 Safari/537.36\"","data":null}
{"timestamp":"2026-04-13T13:10:43.465Z","level":"info","message":"Request completed","data":{"method":"GET","path":"/login.html","statusCode":304,"duration":"1ms"}}
{"timestamp":"2026-04-13T13:10:43.466Z","level":"info","message":"::1 - - [13/Apr/2026:13:10:43 +0000] \"GET /login.html?username=admin&password=admin123 HTTP/1.1\" 304 - \"-\" \"Mozilla/5.0 (Windows NT 10.0; Win64; x64) AppleWebKit/537.36 (KHTML, like Gecko) TraeCN/1.107.1 Chrome/142.0.7444.235 Electron/39.2.7 Safari/537.36\"","data":null}
{"timestamp":"2026-04-13T13:10:53.447Z","level":"info","message":"Request completed","data":{"method":"GET","path":"/login.html","statusCode":304,"duration":"1ms"}}
{"timestamp":"2026-04-13T13:10:53.447Z","level":"info","message":"::1 - - [13/Apr/2026:13:10:53 +0000] \"GET /login.html?username=admin&password=admin123 HTTP/1.1\" 304 - \"-\" \"Mozilla/5.0 (Windows NT 10.0; Win64; x64) AppleWebKit/537.36 (KHTML, like Gecko) TraeCN/1.107.1 Chrome/142.0.7444.235 Electron/39.2.7 Safari/537.36\"","data":null}
{"timestamp":"2026-04-13T13:11:22.528Z","level":"info","message":"User logged in successfully","data":{"userId":"1776084026438","username":"admin"}}
{"timestamp":"2026-04-13T13:11:22.530Z","level":"info","message":"Request completed","data":{"method":"POST","path":"/api/auth/login","statusCode":200,"duration":"76ms"}}
{"timestamp":"2026-04-13T13:11:22.531Z","level":"info","message":"::1 - - [13/Apr/2026:13:11:22 +0000] \"POST /api/auth/login HTTP/1.1\" 200 470 \"-\" \"Mozilla/5.0 (Windows NT; Windows NT 10.0; zh-CN) WindowsPowerShell/5.1.19041.6456\"","data":null}
{"timestamp":"2026-04-13T13:11:42.887Z","level":"info","message":"Authentication successful","data":{"userId":"1776084026438","username":"admin"}}
{"timestamp":"2026-04-13T13:11:42.887Z","level":"info","message":"Permission granted","data":{"userId":"1776084026438","permissions":["read"],"action":"/gantt-data"}}
{"timestamp":"2026-04-13T13:11:42.888Z","level":"info","message":"Request completed","data":{"method":"GET","path":"/api/gantt-data","statusCode":200,"duration":"3ms"}}
{"timestamp":"2026-04-13T13:11:42.889Z","level":"info","message":"::1 - - [13/Apr/2026:13:11:42 +0000] \"GET /api/gantt-data HTTP/1.1\" 200 26 \"-\" \"Mozilla/5.0 (Windows NT; Windows NT 10.0; zh-CN) WindowsPowerShell/5.1.19041.6456\"","data":null}
{"timestamp":"2026-04-13T13:13:19.979Z","level":"info","message":"服务器启动","data":{"port":8000,"localUrl":"http://localhost:8000","networkUrl":"http://192.168.164.128:8000"}}
{"timestamp":"2026-04-13T13:13:35.231Z","level":"info","message":"Authentication successful","data":{"userId":"1776084026438","username":"admin"}}
{"timestamp":"2026-04-13T13:13:35.232Z","level":"info","message":"Permission granted","data":{"userId":"1776084026438","permissions":["read"],"action":"/gantt-data"}}
{"timestamp":"2026-04-13T13:13:35.235Z","level":"info","message":"Request completed","data":{"method":"GET","path":"/api/gantt-data","statusCode":200,"duration":"8ms"}}
{"timestamp":"2026-04-13T13:13:35.236Z","level":"info","message":"::1 - - [13/Apr/2026:13:13:35 +0000] \"GET /api/gantt-data HTTP/1.1\" 200 2340 \"-\" \"Mozilla/5.0 (Windows NT; Windows NT 10.0; zh-CN) WindowsPowerShell/5.1.19041.6456\"","data":null}
{"timestamp":"2026-04-13T13:13:59.458Z","level":"info","message":"Request completed","data":{"method":"GET","path":"/login.html","statusCode":200,"duration":"5ms"}}
{"timestamp":"2026-04-13T13:13:59.458Z","level":"info","message":"::1 - - [13/Apr/2026:13:13:59 +0000] \"GET /login.html?username=admin&password=admin123 HTTP/1.1\" 200 5394 \"-\" \"Mozilla/5.0 (Windows NT 10.0; Win64; x64) AppleWebKit/537.36 (KHTML, like Gecko) TraeCN/1.107.1 Chrome/142.0.7444.235 Electron/39.2.7 Safari/537.36\"","data":null}
{"timestamp":"2026-04-13T13:14:03.936Z","level":"info","message":"Request completed","data":{"method":"GET","path":"/login.html","statusCode":304,"duration":"1ms"}}
{"timestamp":"2026-04-13T13:14:03.938Z","level":"info","message":"::1 - - [13/Apr/2026:13:14:03 +0000] \"GET /login.html?username=admin&password=admin123 HTTP/1.1\" 304 - \"-\" \"Mozilla/5.0 (Windows NT 10.0; Win64; x64) AppleWebKit/537.36 (KHTML, like Gecko) TraeCN/1.107.1 Chrome/142.0.7444.235 Electron/39.2.7 Safari/537.36\"","data":null}
{"timestamp":"2026-04-13T13:14:56.638Z","level":"info","message":"服务器启动","data":{"port":8000,"localUrl":"http://localhost:8000","networkUrl":"http://192.168.164.128:8000"}}
{"timestamp":"2026-04-13T13:15:04.200Z","level":"info","message":"Request completed","data":{"method":"GET","path":"/","statusCode":200,"duration":"11ms"}}
{"timestamp":"2026-04-13T13:15:04.201Z","level":"info","message":"::ffff:192.168.164.128 - - [13/Apr/2026:13:15:04 +0000] \"GET / HTTP/1.1\" 200 323217 \"-\" \"Mozilla/5.0 (Windows NT 10.0; Win64; x64) AppleWebKit/537.36 (KHTML, like Gecko) Chrome/146.0.0.0 Safari/537.36 Edg/146.0.0.0\"","data":null}
{"timestamp":"2026-04-13T13:15:38.099Z","level":"info","message":"服务器启动","data":{"port":8000,"localUrl":"http://localhost:8000","networkUrl":"http://192.168.164.128:8000"}}
{"timestamp":"2026-04-13T13:30:39.987Z","level":"info","message":"服务器启动","data":{"port":8000,"localUrl":"http://localhost:8000","networkUrl":"http://192.168.164.128:8000"}}
{"timestamp":"2026-04-13T13:30:59.173Z","level":"warn","message":"Authentication failed: No token provided","data":null}
{"timestamp":"2026-04-13T13:30:59.177Z","level":"info","message":"Request completed","data":{"method":"GET","path":"/api/gantt-data","statusCode":401,"duration":"7ms"}}
{"timestamp":"2026-04-13T13:30:59.178Z","level":"info","message":"::1 - - [13/Apr/2026:13:30:59 +0000] \"GET /api/gantt-data HTTP/1.1\" 401 53 \"-\" \"Mozilla/5.0 (Windows NT; Windows NT 10.0; zh-CN) WindowsPowerShell/5.1.19041.6456\"","data":null}
{"timestamp":"2026-04-13T13:31:10.703Z","level":"info","message":"Request completed","data":{"method":"GET","path":"/login.html","statusCode":304,"duration":"2ms"}}
{"timestamp":"2026-04-13T13:31:10.704Z","level":"info","message":"::1 - - [13/Apr/2026:13:31:10 +0000] \"GET /login.html HTTP/1.1\" 304 - \"-\" \"Mozilla/5.0 (Windows NT 10.0; Win64; x64) AppleWebKit/537.36 (KHTML, like Gecko) TraeCN/1.107.1 Chrome/142.0.7444.235 Electron/39.2.7 Safari/537.36\"","data":null}
{"timestamp":"2026-04-13T13:31:31.557Z","level":"info","message":"Request completed","data":{"method":"GET","path":"/login.html","statusCode":200,"duration":"2ms"}}
{"timestamp":"2026-04-13T13:31:31.558Z","level":"info","message":"::1 - - [13/Apr/2026:13:31:31 +0000] \"GET /login.html?username=admin&password=password HTTP/1.1\" 200 5394 \"-\" \"Mozilla/5.0 (Windows NT 10.0; Win64; x64) AppleWebKit/537.36 (KHTML, like Gecko) TraeCN/1.107.1 Chrome/142.0.7444.235 Electron/39.2.7 Safari/537.36\"","data":null}
{"timestamp":"2026-04-13T13:32:38.329Z","level":"info","message":"Request completed","data":{"method":"GET","path":"/","statusCode":200,"duration":"3ms"}}
{"timestamp":"2026-04-13T13:32:38.330Z","level":"info","message":"::1 - - [13/Apr/2026:13:32:38 +0000] \"GET / HTTP/1.1\" 200 323072 \"-\" \"Mozilla/5.0 (Windows NT 10.0; Win64; x64) AppleWebKit/537.36 (KHTML, like Gecko) TraeCN/1.107.1 Chrome/142.0.7444.235 Electron/39.2.7 Safari/537.36\"","data":null}
{"timestamp":"2026-04-13T13:35:47.011Z","level":"info","message":"Request completed","data":{"method":"GET","path":"/","statusCode":200,"duration":"8ms"}}
{"timestamp":"2026-04-13T13:35:47.013Z","level":"info","message":"::1 - - [13/Apr/2026:13:35:47 +0000] \"GET / HTTP/1.1\" 200 322924 \"-\" \"Mozilla/5.0 (Windows NT 10.0; Win64; x64) AppleWebKit/537.36 (KHTML, like Gecko) TraeCN/1.107.1 Chrome/142.0.7444.235 Electron/39.2.7 Safari/537.36\"","data":null}
{"timestamp":"2026-04-13T13:39:31.080Z","level":"info","message":"Request completed","data":{"method":"GET","path":"/","statusCode":200,"duration":"9ms"}}
{"timestamp":"2026-04-13T13:39:31.081Z","level":"info","message":"::1 - - [13/Apr/2026:13:39:31 +0000] \"GET / HTTP/1.1\" 200 323028 \"-\" \"Mozilla/5.0 (Windows NT 10.0; Win64; x64) AppleWebKit/537.36 (KHTML, like Gecko) TraeCN/1.107.1 Chrome/142.0.7444.235 Electron/39.2.7 Safari/537.36\"","data":null}
{"timestamp":"2026-04-13T13:44:11.577Z","level":"warn","message":"Authentication failed: No token provided","data":null}
{"timestamp":"2026-04-13T13:44:11.578Z","level":"info","message":"Request completed","data":{"method":"GET","path":"/api/gantt-data","statusCode":401,"duration":"2ms"}}
{"timestamp":"2026-04-13T13:44:11.578Z","level":"info","message":"::1 - - [13/Apr/2026:13:44:11 +0000] \"GET /api/gantt-data HTTP/1.1\" 401 53 \"-\" \"Mozilla/5.0 (Windows NT; Windows NT 10.0; zh-CN) WindowsPowerShell/5.1.19041.6456\"","data":null}
{"timestamp":"2026-04-13T13:45:38.799Z","level":"info","message":"Request completed","data":{"method":"GET","path":"/login.html","statusCode":304,"duration":"2ms"}}
{"timestamp":"2026-04-13T13:45:38.799Z","level":"info","message":"::1 - - [13/Apr/2026:13:45:38 +0000] \"GET /login.html HTTP/1.1\" 304 - \"-\" \"Mozilla/5.0 (Windows NT 10.0; Win64; x64) AppleWebKit/537.36 (KHTML, like Gecko) TraeCN/1.107.1 Chrome/142.0.7444.235 Electron/39.2.7 Safari/537.36\"","data":null}
{"timestamp":"2026-04-13T13:46:01.454Z","level":"info","message":"Request completed","data":{"method":"GET","path":"/login.html","statusCode":304,"duration":"1ms"}}
{"timestamp":"2026-04-13T13:46:01.455Z","level":"info","message":"::1 - - [13/Apr/2026:13:46:01 +0000] \"GET /login.html?username=admin&password=password HTTP/1.1\" 304 - \"-\" \"Mozilla/5.0 (Windows NT 10.0; Win64; x64) AppleWebKit/537.36 (KHTML, like Gecko) TraeCN/1.107.1 Chrome/142.0.7444.235 Electron/39.2.7 Safari/537.36\"","data":null}
{"timestamp":"2026-04-13T13:47:45.290Z","level":"info","message":"服务器启动","data":{"port":8000,"localUrl":"http://localhost:8000","networkUrl":"http://192.168.164.128:8000"}}
{"timestamp":"2026-04-13T13:54:23.874Z","level":"info","message":"服务器启动","data":{"port":8000,"localUrl":"http://localhost:8000","networkUrl":"http://192.168.164.128:8000"}}
{"timestamp":"2026-04-13T13:54:33.301Z","level":"info","message":"Request completed","data":{"method":"GET","path":"/index.html","statusCode":200,"duration":"20ms"}}
{"timestamp":"2026-04-13T13:54:33.304Z","level":"info","message":"::1 - - [13/Apr/2026:13:54:33 +0000] \"GET /index.html HTTP/1.1\" 200 323028 \"-\" \"Mozilla/5.0 (Windows NT 10.0; Win64; x64) AppleWebKit/537.36 (KHTML, like Gecko) TraeCN/1.107.1 Chrome/142.0.7444.235 Electron/39.2.7 Safari/537.36\"","data":null}
{"timestamp":"2026-04-13T13:56:16.704Z","level":"info","message":"Request completed","data":{"method":"GET","path":"/index.html","statusCode":200,"duration":"5ms"}}
{"timestamp":"2026-04-13T13:56:16.705Z","level":"info","message":"::1 - - [13/Apr/2026:13:56:16 +0000] \"GET /index.html HTTP/1.1\" 200 322820 \"-\" \"Mozilla/5.0 (Windows NT 10.0; Win64; x64) AppleWebKit/537.36 (KHTML, like Gecko) TraeCN/1.107.1 Chrome/142.0.7444.235 Electron/39.2.7 Safari/537.36\"","data":null}
{"timestamp":"2026-04-13T13:57:47.654Z","level":"info","message":"Request completed","data":{"method":"GET","path":"/index.html","statusCode":200,"duration":"4ms"}}
{"timestamp":"2026-04-13T13:57:47.655Z","level":"info","message":"::1 - - [13/Apr/2026:13:57:47 +0000] \"GET /index.html HTTP/1.1\" 200 322861 \"-\" \"Mozilla/5.0 (Windows NT 10.0; Win64; x64) AppleWebKit/537.36 (KHTML, like Gecko) TraeCN/1.107.1 Chrome/142.0.7444.235 Electron/39.2.7 Safari/537.36\"","data":null}
{"timestamp":"2026-04-13T14:04:57.359Z","level":"info","message":"Request completed","data":{"method":"GET","path":"/index.html","statusCode":200,"duration":"13ms"}}
{"timestamp":"2026-04-13T14:04:57.360Z","level":"info","message":"::1 - - [13/Apr/2026:14:04:57 +0000] \"GET /index.html HTTP/1.1\" 200 323333 \"-\" \"Mozilla/5.0 (Windows NT 10.0; Win64; x64) AppleWebKit/537.36 (KHTML, like Gecko) TraeCN/1.107.1 Chrome/142.0.7444.235 Electron/39.2.7 Safari/537.36\"","data":null}
{"timestamp":"2026-04-13T14:06:53.515Z","level":"info","message":"Request completed","data":{"method":"GET","path":"/index.html","statusCode":200,"duration":"4ms"}}
{"timestamp":"2026-04-13T14:06:53.516Z","level":"info","message":"::1 - - [13/Apr/2026:14:06:53 +0000] \"GET /index.html HTTP/1.1\" 200 323608 \"-\" \"Mozilla/5.0 (Windows NT 10.0; Win64; x64) AppleWebKit/537.36 (KHTML, like Gecko) TraeCN/1.107.1 Chrome/142.0.7444.235 Electron/39.2.7 Safari/537.36\"","data":null}
{"timestamp":"2026-04-13T14:08:29.533Z","level":"info","message":"Request completed","data":{"method":"GET","path":"/index.html","statusCode":200,"duration":"5ms"}}
{"timestamp":"2026-04-13T14:08:29.534Z","level":"info","message":"::1 - - [13/Apr/2026:14:08:29 +0000] \"GET /index.html HTTP/1.1\" 200 323880 \"-\" \"Mozilla/5.0 (Windows NT 10.0; Win64; x64) AppleWebKit/537.36 (KHTML, like Gecko) TraeCN/1.107.1 Chrome/142.0.7444.235 Electron/39.2.7 Safari/537.36\"","data":null}
{"timestamp":"2026-04-13T14:15:44.841Z","level":"info","message":"Request completed","data":{"method":"GET","path":"/index.html","statusCode":200,"duration":"5ms"}}
{"timestamp":"2026-04-13T14:15:44.842Z","level":"info","message":"::1 - - [13/Apr/2026:14:15:44 +0000] \"GET /index.html HTTP/1.1\" 200 327628 \"-\" \"Mozilla/5.0 (Windows NT 10.0; Win64; x64) AppleWebKit/537.36 (KHTML, like Gecko) TraeCN/1.107.1 Chrome/142.0.7444.235 Electron/39.2.7 Safari/537.36\"","data":null}
{"timestamp":"2026-04-13T14:17:00.828Z","level":"info","message":"Request completed","data":{"method":"GET","path":"/index.html","statusCode":200,"duration":"5ms"}}
{"timestamp":"2026-04-13T14:17:00.829Z","level":"info","message":"::1 - - [13/Apr/2026:14:17:00 +0000] \"GET /index.html HTTP/1.1\" 200 327955 \"-\" \"Mozilla/5.0 (Windows NT 10.0; Win64; x64) AppleWebKit/537.36 (KHTML, like Gecko) TraeCN/1.107.1 Chrome/142.0.7444.235 Electron/39.2.7 Safari/537.36\"","data":null}
{"timestamp":"2026-04-13T14:17:26.089Z","level":"info","message":"Request completed","data":{"method":"GET","path":"/index.html","statusCode":200,"duration":"5ms"}}
{"timestamp":"2026-04-13T14:17:26.090Z","level":"info","message":"::1 - - [13/Apr/2026:14:17:26 +0000] \"GET /index.html HTTP/1.1\" 200 328028 \"-\" \"Mozilla/5.0 (Windows NT 10.0; Win64; x64) AppleWebKit/537.36 (KHTML, like Gecko) TraeCN/1.107.1 Chrome/142.0.7444.235 Electron/39.2.7 Safari/537.36\"","data":null}
{"timestamp":"2026-04-13T14:17:48.755Z","level":"info","message":"Request completed","data":{"method":"GET","path":"/index.html","statusCode":304,"duration":"2ms"}}
{"timestamp":"2026-04-13T14:17:48.756Z","level":"info","message":"::1 - - [13/Apr/2026:14:17:48 +0000] \"GET /index.html HTTP/1.1\" 304 - \"-\" \"Mozilla/5.0 (Windows NT 10.0; Win64; x64) AppleWebKit/537.36 (KHTML, like Gecko) TraeCN/1.107.1 Chrome/142.0.7444.235 Electron/39.2.7 Safari/537.36\"","data":null}
{"timestamp":"2026-04-13T14:18:39.914Z","level":"info","message":"Request completed","data":{"method":"GET","path":"/index.html","statusCode":200,"duration":"6ms"}}
{"timestamp":"2026-04-13T14:18:39.915Z","level":"info","message":"::1 - - [13/Apr/2026:14:18:39 +0000] \"GET /index.html HTTP/1.1\" 200 328135 \"-\" \"Mozilla/5.0 (Windows NT 10.0; Win64; x64) AppleWebKit/537.36 (KHTML, like Gecko) TraeCN/1.107.1 Chrome/142.0.7444.235 Electron/39.2.7 Safari/537.36\"","data":null}
{"timestamp":"2026-04-13T14:18:58.783Z","level":"info","message":"Request completed","data":{"method":"GET","path":"/index.html","statusCode":200,"duration":"6ms"}}
{"timestamp":"2026-04-13T14:18:58.784Z","level":"info","message":"::1 - - [13/Apr/2026:14:18:58 +0000] \"GET /index.html HTTP/1.1\" 200 328135 \"-\" \"Mozilla/5.0 (Windows NT; Windows NT 10.0; zh-CN) WindowsPowerShell/5.1.19041.6456\"","data":null}
{"timestamp":"2026-04-13T14:19:18.463Z","level":"info","message":"Request completed","data":{"method":"GET","path":"/index.html","statusCode":200,"duration":"5ms"}}
{"timestamp":"2026-04-13T14:19:18.463Z","level":"info","message":"::1 - - [13/Apr/2026:14:19:18 +0000] \"GET /index.html HTTP/1.1\" 200 328135 \"-\" \"Mozilla/5.0 (Windows NT; Windows NT 10.0; zh-CN) WindowsPowerShell/5.1.19041.6456\"","data":null}
{"timestamp":"2026-04-13T14:22:26.966Z","level":"info","message":"Request completed","data":{"method":"GET","path":"/index.html","statusCode":200,"duration":"4ms"}}
{"timestamp":"2026-04-13T14:22:26.967Z","level":"info","message":"::1 - - [13/Apr/2026:14:22:26 +0000] \"GET /index.html HTTP/1.1\" 200 328135 \"-\" \"Mozilla/5.0 (Windows NT; Windows NT 10.0; zh-CN) WindowsPowerShell/5.1.19041.6456\"","data":null}
{"timestamp":"2026-04-13T14:23:24.374Z","level":"info","message":"Request completed","data":{"method":"GET","path":"/index.html","statusCode":200,"duration":"5ms"}}
{"timestamp":"2026-04-13T14:23:24.375Z","level":"info","message":"::1 - - [13/Apr/2026:14:23:24 +0000] \"GET /index.html HTTP/1.1\" 200 328155 \"-\" \"Mozilla/5.0 (Windows NT 10.0; Win64; x64) AppleWebKit/537.36 (KHTML, like Gecko) TraeCN/1.107.1 Chrome/142.0.7444.235 Electron/39.2.7 Safari/537.36\"","data":null}
{"timestamp":"2026-04-13T14:23:50.724Z","level":"info","message":"Request completed","data":{"method":"GET","path":"/index.html","statusCode":200,"duration":"4ms"}}
{"timestamp":"2026-04-13T14:23:50.725Z","level":"info","message":"::1 - - [13/Apr/2026:14:23:50 +0000] \"GET /index.html HTTP/1.1\" 200 328164 \"-\" \"Mozilla/5.0 (Windows NT 10.0; Win64; x64) AppleWebKit/537.36 (KHTML, like Gecko) TraeCN/1.107.1 Chrome/142.0.7444.235 Electron/39.2.7 Safari/537.36\"","data":null}
{"timestamp":"2026-04-13T14:24:28.894Z","level":"info","message":"Request completed","data":{"method":"GET","path":"/index.html","statusCode":200,"duration":"4ms"}}
{"timestamp":"2026-04-13T14:24:28.894Z","level":"info","message":"::1 - - [13/Apr/2026:14:24:28 +0000] \"GET /index.html HTTP/1.1\" 200 328312 \"-\" \"Mozilla/5.0 (Windows NT 10.0; Win64; x64) AppleWebKit/537.36 (KHTML, like Gecko) TraeCN/1.107.1 Chrome/142.0.7444.235 Electron/39.2.7 Safari/537.36\"","data":null}
{"timestamp":"2026-04-13T14:24:46.554Z","level":"info","message":"Request completed","data":{"method":"GET","path":"/index.html","statusCode":200,"duration":"4ms"}}
{"timestamp":"2026-04-13T14:24:46.554Z","level":"info","message":"::1 - - [13/Apr/2026:14:24:46 +0000] \"GET /index.html HTTP/1.1\" 200 328312 \"-\" \"Mozilla/5.0 (Windows NT; Windows NT 10.0; zh-CN) WindowsPowerShell/5.1.19041.6456\"","data":null}
{"timestamp":"2026-04-13T14:25:03.956Z","level":"info","message":"Request completed","data":{"method":"GET","path":"/index.html","statusCode":200,"duration":"4ms"}}
{"timestamp":"2026-04-13T14:25:03.957Z","level":"info","message":"::1 - - [13/Apr/2026:14:25:03 +0000] \"GET /index.html HTTP/1.1\" 200 328312 \"-\" \"Mozilla/5.0 (Windows NT; Windows NT 10.0; zh-CN) WindowsPowerShell/5.1.19041.6456\"","data":null}
{"timestamp":"2026-04-13T14:25:44.184Z","level":"info","message":"Request completed","data":{"method":"GET","path":"/index.html","statusCode":200,"duration":"9ms"}}
{"timestamp":"2026-04-13T14:25:44.185Z","level":"info","message":"::1 - - [13/Apr/2026:14:25:44 +0000] \"GET /index.html HTTP/1.1\" 200 328382 \"-\" \"Mozilla/5.0 (Windows NT 10.0; Win64; x64) AppleWebKit/537.36 (KHTML, like Gecko) TraeCN/1.107.1 Chrome/142.0.7444.235 Electron/39.2.7 Safari/537.36\"","data":null}
{"timestamp":"2026-04-13T14:26:16.729Z","level":"info","message":"Request completed","data":{"method":"GET","path":"/index.html","statusCode":200,"duration":"6ms"}}
{"timestamp":"2026-04-13T14:26:16.730Z","level":"info","message":"::1 - - [13/Apr/2026:14:26:16 +0000] \"GET /index.html HTTP/1.1\" 200 328382 \"-\" \"Mozilla/5.0 (Windows NT; Windows NT 10.0; zh-CN) WindowsPowerShell/5.1.19041.6456\"","data":null}
{"timestamp":"2026-04-13T14:26:52.565Z","level":"info","message":"Request completed","data":{"method":"GET","path":"/index.html","statusCode":200,"duration":"6ms"}}
{"timestamp":"2026-04-13T14:26:52.566Z","level":"info","message":"::1 - - [13/Apr/2026:14:26:52 +0000] \"GET /index.html HTTP/1.1\" 200 328382 \"-\" \"Mozilla/5.0 (Windows NT; Windows NT 10.0; zh-CN) WindowsPowerShell/5.1.19041.6456\"","data":null}
{"timestamp":"2026-04-13T14:27:25.922Z","level":"info","message":"Request completed","data":{"method":"GET","path":"/index.html","statusCode":200,"duration":"3ms"}}
{"timestamp":"2026-04-13T14:27:25.923Z","level":"info","message":"::1 - - [13/Apr/2026:14:27:25 +0000] \"GET /index.html HTTP/1.1\" 200 328382 \"-\" \"Mozilla/5.0 (Windows NT; Windows NT 10.0; zh-CN) WindowsPowerShell/5.1.19041.6456\"","data":null}
{"timestamp":"2026-04-13T14:28:27.318Z","level":"info","message":"Request completed","data":{"method":"GET","path":"/index.html","statusCode":200,"duration":"6ms"}}
{"timestamp":"2026-04-13T14:28:27.319Z","level":"info","message":"::1 - - [13/Apr/2026:14:28:27 +0000] \"GET /index.html HTTP/1.1\" 200 328382 \"-\" \"Mozilla/5.0 (Windows NT; Windows NT 10.0; zh-CN) WindowsPowerShell/5.1.19041.6456\"","data":null}
{"timestamp":"2026-04-13T14:29:12.199Z","level":"info","message":"Request completed","data":{"method":"GET","path":"/index.html","statusCode":200,"duration":"12ms"}}
{"timestamp":"2026-04-13T14:29:12.200Z","level":"info","message":"::1 - - [13/Apr/2026:14:29:12 +0000] \"GET /index.html HTTP/1.1\" 200 328413 \"-\" \"Mozilla/5.0 (Windows NT 10.0; Win64; x64) AppleWebKit/537.36 (KHTML, like Gecko) TraeCN/1.107.1 Chrome/142.0.7444.235 Electron/39.2.7 Safari/537.36\"","data":null}
{"timestamp":"2026-04-13T14:29:26.001Z","level":"info","message":"Request completed","data":{"method":"GET","path":"/index.html","statusCode":200,"duration":"6ms"}}
{"timestamp":"2026-04-13T14:29:26.002Z","level":"info","message":"::1 - - [13/Apr/2026:14:29:26 +0000] \"GET /index.html HTTP/1.1\" 200 328413 \"-\" \"Mozilla/5.0 (Windows NT; Windows NT 10.0; zh-CN) WindowsPowerShell/5.1.19041.6456\"","data":null}
{"timestamp":"2026-04-13T14:36:19.203Z","level":"info","message":"服务器启动","data":{"port":8000,"localUrl":"http://localhost:8000","networkUrl":"http://192.168.164.128:8000"}}
{"timestamp":"2026-04-13T14:36:37.153Z","level":"info","message":"Request completed","data":{"method":"GET","path":"/index.html","statusCode":304,"duration":"8ms"}}
{"timestamp":"2026-04-13T14:36:37.154Z","level":"info","message":"::1 - - [13/Apr/2026:14:36:37 +0000] \"GET /index.html HTTP/1.1\" 304 - \"-\" \"Mozilla/5.0 (Windows NT 10.0; Win64; x64) AppleWebKit/537.36 (KHTML, like Gecko) TraeCN/1.107.1 Chrome/142.0.7444.235 Electron/39.2.7 Safari/537.36\"","data":null}
{"timestamp":"2026-04-13T14:37:23.081Z","level":"info","message":"Request completed","data":{"method":"GET","path":"/login.html","statusCode":304,"duration":"1ms"}}
{"timestamp":"2026-04-13T14:37:23.082Z","level":"info","message":"::1 - - [13/Apr/2026:14:37:23 +0000] \"GET /login.html HTTP/1.1\" 304 - \"-\" \"Mozilla/5.0 (Windows NT 10.0; Win64; x64) AppleWebKit/537.36 (KHTML, like Gecko) TraeCN/1.107.1 Chrome/142.0.7444.235 Electron/39.2.7 Safari/537.36\"","data":null}
{"timestamp":"2026-04-13T14:38:29.346Z","level":"info","message":"默认管理员用户创建成功","data":{"username":"admin","password":"admin123","userId":"1776091109345"}}
{"timestamp":"2026-04-13T14:41:37.685Z","level":"info","message":"Request completed","data":{"method":"GET","path":"/login.html","statusCode":304,"duration":"1ms"}}
{"timestamp":"2026-04-13T14:41:37.686Z","level":"info","message":"::1 - - [13/Apr/2026:14:41:37 +0000] \"GET /login.html?username=admin&password=admin123 HTTP/1.1\" 304 - \"-\" \"Mozilla/5.0 (Windows NT 10.0; Win64; x64) AppleWebKit/537.36 (KHTML, like Gecko) TraeCN/1.107.1 Chrome/142.0.7444.235 Electron/39.2.7 Safari/537.36\"","data":null}
{"timestamp":"2026-04-13T14:44:22.129Z","level":"info","message":"Request completed","data":{"method":"GET","path":"/login.html","statusCode":304,"duration":"2ms"}}
{"timestamp":"2026-04-13T14:44:22.130Z","level":"info","message":"::1 - - [13/Apr/2026:14:44:22 +0000] \"GET /login.html HTTP/1.1\" 304 - \"-\" \"Mozilla/5.0 (Windows NT 10.0; Win64; x64) AppleWebKit/537.36 (KHTML, like Gecko) TraeCN/1.107.1 Chrome/142.0.7444.235 Electron/39.2.7 Safari/537.36\"","data":null}
{"timestamp":"2026-04-13T14:44:59.724Z","level":"info","message":"Request completed","data":{"method":"GET","path":"/login.html","statusCode":304,"duration":"1ms"}}
{"timestamp":"2026-04-13T14:44:59.725Z","level":"info","message":"::1 - - [13/Apr/2026:14:44:59 +0000] \"GET /login.html?username=admin&password=admin123 HTTP/1.1\" 304 - \"-\" \"Mozilla/5.0 (Windows NT 10.0; Win64; x64) AppleWebKit/537.36 (KHTML, like Gecko) TraeCN/1.107.1 Chrome/142.0.7444.235 Electron/39.2.7 Safari/537.36\"","data":null}
{"timestamp":"2026-04-13T14:47:26.700Z","level":"info","message":"Request completed","data":{"method":"GET","path":"/login.html","statusCode":200,"duration":"5ms"}}
{"timestamp":"2026-04-13T14:47:26.708Z","level":"info","message":"::1 - - [13/Apr/2026:14:47:26 +0000] \"GET /login.html HTTP/1.1\" 200 5433 \"-\" \"Mozilla/5.0 (Windows NT 10.0; Win64; x64) AppleWebKit/537.36 (KHTML, like Gecko) TraeCN/1.107.1 Chrome/142.0.7444.235 Electron/39.2.7 Safari/537.36\"","data":null}
{"timestamp":"2026-04-13T14:47:49.594Z","level":"info","message":"Request completed","data":{"method":"POST","path":"/login.html","statusCode":404,"duration":"2ms"}}
{"timestamp":"2026-04-13T14:47:49.595Z","level":"info","message":"::1 - - [13/Apr/2026:14:47:49 +0000] \"POST /login.html HTTP/1.1\" 404 150 \"-\" \"Mozilla/5.0 (Windows NT 10.0; Win64; x64) AppleWebKit/537.36 (KHTML, like Gecko) TraeCN/1.107.1 Chrome/142.0.7444.235 Electron/39.2.7 Safari/537.36\"","data":null}
{"timestamp":"2026-04-13T14:50:09.201Z","level":"info","message":"Request completed","data":{"method":"GET","path":"/login.html","statusCode":200,"duration":"4ms"}}
{"timestamp":"2026-04-13T14:50:09.202Z","level":"info","message":"::1 - - [13/Apr/2026:14:50:09 +0000] \"GET /login.html HTTP/1.1\" 200 5362 \"-\" \"Mozilla/5.0 (Windows NT 10.0; Win64; x64) AppleWebKit/537.36 (KHTML, like Gecko) TraeCN/1.107.1 Chrome/142.0.7444.235 Electron/39.2.7 Safari/537.36\"","data":null}
{"timestamp":"2026-04-13T14:53:11.679Z","level":"info","message":"Request completed","data":{"method":"GET","path":"/bypass-login.html","statusCode":200,"duration":"4ms"}}
{"timestamp":"2026-04-13T14:53:11.680Z","level":"info","message":"::1 - - [13/Apr/2026:14:53:11 +0000] \"GET /bypass-login.html HTTP/1.1\" 200 592 \"-\" \"Mozilla/5.0 (Windows NT 10.0; Win64; x64) AppleWebKit/537.36 (KHTML, like Gecko) TraeCN/1.107.1 Chrome/142.0.7444.235 Electron/39.2.7 Safari/537.36\"","data":null}
{"timestamp":"2026-04-13T14:57:01.707Z","level":"info","message":"Request completed","data":{"method":"GET","path":"/index.html","statusCode":200,"duration":"15ms"}}
{"timestamp":"2026-04-13T14:57:01.708Z","level":"info","message":"::1 - - [13/Apr/2026:14:57:01 +0000] \"GET /index.html HTTP/1.1\" 200 328680 \"-\" \"Mozilla/5.0 (Windows NT 10.0; Win64; x64) AppleWebKit/537.36 (KHTML, like Gecko) TraeCN/1.107.1 Chrome/142.0.7444.235 Electron/39.2.7 Safari/537.36\"","data":null}
{"timestamp":"2026-04-13T15:00:05.193Z","level":"info","message":"服务器启动","data":{"port":8000,"localUrl":"http://localhost:8000","networkUrl":"http://192.168.164.128:8000"}}
{"timestamp":"2026-04-13T15:00:24.193Z","level":"info","message":"Request completed","data":{"method":"GET","path":"/index.html","statusCode":304,"duration":"11ms"}}
{"timestamp":"2026-04-13T15:00:24.194Z","level":"info","message":"::1 - - [13/Apr/2026:15:00:24 +0000] \"GET /index.html HTTP/1.1\" 304 - \"-\" \"Mozilla/5.0 (Windows NT 10.0; Win64; x64) AppleWebKit/537.36 (KHTML, like Gecko) TraeCN/1.107.1 Chrome/142.0.7444.235 Electron/39.2.7 Safari/537.36\"","data":null}
{"timestamp":"2026-04-13T15:02:04.965Z","level":"info","message":"Request completed","data":{"method":"GET","path":"/test-simple.html","statusCode":200,"duration":"4ms"}}
{"timestamp":"2026-04-13T15:02:04.966Z","level":"info","message":"::1 - - [13/Apr/2026:15:02:04 +0000] \"GET /test-simple.html HTTP/1.1\" 200 705 \"-\" \"Mozilla/5.0 (Windows NT 10.0; Win64; x64) AppleWebKit/537.36 (KHTML, like Gecko) TraeCN/1.107.1 Chrome/142.0.7444.235 Electron/39.2.7 Safari/537.36\"","data":null}
{"timestamp":"2026-04-13T15:03:32.729Z","level":"info","message":"Request completed","data":{"method":"GET","path":"/api/gantt-data","statusCode":200,"duration":"3ms"}}
{"timestamp":"2026-04-13T15:03:32.730Z","level":"info","message":"::1 - - [13/Apr/2026:15:03:32 +0000] \"GET /api/gantt-data HTTP/1.1\" 200 2340 \"-\" \"Mozilla/5.0 (Windows NT; Windows NT 10.0; zh-CN) WindowsPowerShell/5.1.19041.6456\"","data":null}
{"timestamp":"2026-04-13T15:05:17.662Z","level":"info","message":"Request completed","data":{"method":"GET","path":"/index.html","statusCode":200,"duration":"10ms"}}
{"timestamp":"2026-04-13T15:05:17.663Z","level":"info","message":"::1 - - [13/Apr/2026:15:05:17 +0000] \"GET /index.html HTTP/1.1\" 200 328680 \"-\" \"Mozilla/5.0 (Windows NT 10.0; Win64; x64) AppleWebKit/537.36 (KHTML, like Gecko) TraeCN/1.107.1 Chrome/142.0.7444.235 Electron/39.2.7 Safari/537.36\"","data":null}
{"timestamp":"2026-04-13T15:05:22.062Z","level":"info","message":"Request completed","data":{"method":"GET","path":"/index.html","statusCode":200,"duration":"4ms"}}
{"timestamp":"2026-04-13T15:05:22.062Z","level":"info","message":"::1 - - [13/Apr/2026:15:05:22 +0000] \"GET /index.html HTTP/1.1\" 200 328680 \"-\" \"Mozilla/5.0 (Windows NT 10.0; Win64; x64) AppleWebKit/537.36 (KHTML, like Gecko) TraeCN/1.107.1 Chrome/142.0.7444.235 Electron/39.2.7 Safari/537.36\"","data":null}
{"timestamp":"2026-04-13T15:30:01.460Z","level":"info","message":"Request completed","data":{"method":"GET","path":"/api/gantt-data","statusCode":200,"duration":"2ms"}}
{"timestamp":"2026-04-13T15:30:01.461Z","level":"info","message":"::1 - - [13/Apr/2026:15:30:01 +0000] \"GET /api/gantt-data HTTP/1.1\" 200 2340 \"-\" \"Mozilla/5.0 (Windows NT; Windows NT 10.0; zh-CN) WindowsPowerShell/5.1.19041.6456\"","data":null}
{"timestamp":"2026-04-13T15:30:18.596Z","level":"info","message":"Request completed","data":{"method":"GET","path":"/api/gantt-data","statusCode":200,"duration":"2ms"}}
{"timestamp":"2026-04-13T15:30:18.596Z","level":"info","message":"::1 - - [13/Apr/2026:15:30:18 +0000] \"GET /api/gantt-data HTTP/1.1\" 200 2340 \"-\" \"Mozilla/5.0 (Windows NT; Windows NT 10.0; zh-CN) WindowsPowerShell/5.1.19041.6456\"","data":null}
{"timestamp":"2026-04-13T15:30:29.153Z","level":"info","message":"Request completed","data":{"method":"GET","path":"/api/gantt-data","statusCode":200,"duration":"2ms"}}
{"timestamp":"2026-04-13T15:30:29.153Z","level":"info","message":"::1 - - [13/Apr/2026:15:30:29 +0000] \"GET /api/gantt-data HTTP/1.1\" 200 2340 \"-\" \"Mozilla/5.0 (Windows NT; Windows NT 10.0; zh-CN) WindowsPowerShell/5.1.19041.6456\"","data":null}
{"timestamp":"2026-04-13T15:31:03.494Z","level":"info","message":"Request completed","data":{"method":"GET","path":"/api/gantt-data","statusCode":200,"duration":"1ms"}}
{"timestamp":"2026-04-13T15:31:03.495Z","level":"info","message":"::1 - - [13/Apr/2026:15:31:03 +0000] \"GET /api/gantt-data HTTP/1.1\" 200 2340 \"-\" \"-\"","data":null}
{"timestamp":"2026-04-13T15:31:21.648Z","level":"info","message":"Request completed","data":{"method":"GET","path":"/api/gantt-data","statusCode":200,"duration":"1ms"}}
{"timestamp":"2026-04-13T15:31:21.649Z","level":"info","message":"::1 - - [13/Apr/2026:15:31:21 +0000] \"GET /api/gantt-data HTTP/1.1\" 200 2340 \"-\" \"-\"","data":null}
{"timestamp":"2026-04-13T15:32:26.640Z","level":"info","message":"Request completed","data":{"method":"GET","path":"/debug-gantt.html","statusCode":200,"duration":"2ms"}}
{"timestamp":"2026-04-13T15:32:26.641Z","level":"info","message":"::1 - - [13/Apr/2026:15:32:26 +0000] \"GET /debug-gantt.html HTTP/1.1\" 200 4528 \"-\" \"Mozilla/5.0 (Windows NT; Windows NT 10.0; zh-CN) WindowsPowerShell/5.1.19041.6456\"","data":null}
{"timestamp":"2026-04-13T15:34:29.107Z","level":"info","message":"Request completed","data":{"method":"GET","path":"/simple-gantt.html","statusCode":200,"duration":"3ms"}}
{"timestamp":"2026-04-13T15:34:29.108Z","level":"info","message":"::1 - - [13/Apr/2026:15:34:29 +0000] \"GET /simple-gantt.html HTTP/1.1\" 200 8467 \"-\" \"Mozilla/5.0 (Windows NT 10.0; Win64; x64) AppleWebKit/537.36 (KHTML, like Gecko) Chrome/146.0.0.0 Safari/537.36 Edg/146.0.0.0\"","data":null}
{"timestamp":"2026-04-13T15:34:29.849Z","level":"info","message":"Request completed","data":{"method":"GET","path":"/favicon.ico","statusCode":404,"duration":"2ms"}}
{"timestamp":"2026-04-13T15:34:29.849Z","level":"info","message":"::1 - - [13/Apr/2026:15:34:29 +0000] \"GET /favicon.ico HTTP/1.1\" 404 150 \"-\" \"Mozilla/5.0 (Windows NT 10.0; Win64; x64) AppleWebKit/537.36 (KHTML, like Gecko) Chrome/146.0.0.0 Safari/537.36 Edg/146.0.0.0\"","data":null}
{"timestamp":"2026-04-13T16:00:00.020Z","level":"info","message":"执行定时任务","data":null}
